Microsoft (R) Macro Assembler Version 6.15.8803		    05/10/12 20:58:11
window			(window.asm)			     Page 1 - 1


				TITLE window			(window.asm)
				;Brijesh Patel
				;Date Created:04/17/2012
				;Date Last Modified: 04/17/2012
				INCLUDE IRVINE16.INC
			      C .NOLIST
			      C .LIST
			      C 
				.MODEL			SMALL
WINDOWMOUSE.asm(6) : warning A4011: 
				.STACK			100H
 0030				WINSCR			STRUCT
 0000  00							FOREGROUNDCOLOR		BYTE 0
 0001  00							BACKGROUNDCOLOR		BYTE 0
 0002  00							UPPERROW			BYTE 0
 0003  00							LEFTCOL				BYTE 0
 0004  00							LOWERROW			BYTE 0
 0005  00							RIGHTCOL			BYTE 0
 0006  0028 [							BANNER				BYTE 40 DUP (0)
        00
       ]
 002E  00							ADDRESS1			BYTE 0
 002F  00							ADDRESS2			BYTE 0
				WINSCR			ENDS
				; MOUSE			STRUCT
								; XCOORDINATE			WORD ?
								; YCOORDINATE			WORD ?
								; XCLICK				WORD ?
								; YCLICK				WORD ?
				; MOUSE			ENDS

				; EXIT			MACRO
								; MOV					AX, 4C00h
								; INT					21h
								; ENDM
				DRAWLINEHORM	MACRO				A:REQ, B:REQ, NUM:REQ
								MOV					DL, A
								MOV					DH, B
								MOV					AH, 2
								INT					10h
								MOV					CX, NUM
								CALL				DRAWLINEHOR
								ENDM
								
				DRAWLINEVERM	MACRO				A:REQ, B:REQ, NUM:REQ
								MOV					DL, A
								MOV					DH, B
								MOV					AH, 2
								INT					10h
								MOV					CX, NUM
								CALL				DRAWLINEVER
								ENDM
								
				GETCURPOS		MACRO
								MOV					AH, 3
								MOV					BH, 0
								INT					10h
								ENDM
								
				LEFTARROW		MACRO
								DEC					DL
								MOV					AH, 2
								INT					10h
								ENDM
								
				ADVENCECUR		MACRO
								INC					DL
								MOV					AH, 2
								INT					10H
								ENDM
								
				DOWNARROW		MACRO
								INC					DH
								MOV					AH, 2
								INT					10h
								ENDM
								
				UPARROW 		MACRO
								DEC					DH
								MOV					AH, 2
								INT					10h
								ENDM
								
				SETCURPOS		MACRO				A:REQ, B:REQ
								MOV					AH, 2
								MOV					DL, A
								MOV					DH, B
								MOV					BH, 0
								INT					10h
								ENDM
				; ENDCORNER		MACRO				bCHAR:REQ
								; MOV					AX, bCHAR
								; PUSH				AX
								; GETCURPOS
								; CMP					DX, 4716h
								; JE					DONTMOVE
								; JNE					KEEPGOING3
								
								; DONTMOVE:
								; SETCURPOS			47h, 16h
								; CALL				PUTCHAR
								; JMP					FINISH3
								
								; KEEPGOING3:	
								; CALL				PUTCHAR
								; CURBOUNDRY
								
								; FINISH3:
								; ENDM
				CURBOUNDRY		MACRO
								CMP					DL, 47h
								JE					NEXTLINE
								JNE					ALLDONE
								NEXTLINE:
								INC					DH
								MOV					DL, 02h
								ALLDONE:
								ENDM
				PUTCHARM		MACRO				aCHAR:REQ
								MOV					AX, aCHAR
								PUSH				AX
								CALL				PUTCHAR
								GETCURPOS
								CURBOUNDRY
								ADVENCECUR
								ENDM
								
				GETMOUSEPOS		MACRO
								MOV					AX, 3
								INT					33H
								ENDM
							
 0000				.DATA
 0000 11 10 02 02 17 48		APPLICATION		WINSCR				<11h,10h,02h,02h,17h,48h," BRIJESH PATEL ">
       20 42 52 49 4A 45
       53 48 20 50 41 54
       45 4C 20
       0019 [
        00
       ] 00 00
				; MOUSEAPP		MOUSE				<0,0,0,0>
 0030 0000							XCOORDINATE			WORD 0
 0032 0000							YCOORDINATE			WORD 0
 0034 0000							XCLICK				WORD 0
 0036 0000							YCLICK				WORD 0
 0000				.CODE

 0000				HIDEMOUSEPOINTER PROC
 0000  50							PUSH				AX
 0001  B8 0002							MOV					AX, 2
 0004  CD 33							INT					33H
 0006  58							POP					AX
 0007  C3							RET
 0008				HIDEMOUSEPOINTER ENDP
 0008				SHOWMOUSEPOINTER PROC
 0008  50							PUSH				AX
 0009  B8 0001							MOV					AX, 1
 000C  CD 33							INT					33H
 000E  58							POP					AX
 000F  C3							RET
 0010				SHOWMOUSEPOINTER ENDP


 0010				CLRSCR			PROC
 0010  55							PUSH				BP
 0011  8B EC							MOV					BP, SP
 0013  50							PUSH				AX
 0014  53							PUSH				BX
 0015  51							PUSH				CX
 0016  52							PUSH				DX
								
 0017  B8 0600							MOV					AX, 0600h
 001A  B9 0000							MOV					CX, 0
 001D  BA 184F							MOV					DX, 184Fh
 0020  B7 07							MOV					BH, 7
 0022  CD 10							INT					10h
 0024  B4 02							MOV					AH, 2
 0026  B7 00							MOV					BH, 0
 0028  BA 0000							MOV					DX, 0
 002B  CD 10							INT					10h
								
 002D  5A							POP					DX
 002E  59							POP					CX
 002F  5B							POP					BX
 0030  58							POP					AX
 0031  5D							POP					BP
 0032  C2 0002							RET					2
 0035				CLRSCR			ENDP
 0035				MAKEWIN			PROC
 0035  55							PUSH				BP
 0036  8B EC							MOV					BP, SP
 0038  50							PUSH				AX
 0039  53							PUSH				BX
 003A  51							PUSH				CX
 003B  52							PUSH				DX
 003C  56							PUSH				SI
								
 003D  8B 76 04							MOV					SI, [BP+4]
 0040  B8 0600							MOV					AX, 0600h
 0043  8A 7C 01							MOV					BH, (WINSCR PTR[SI]).BACKGROUNDCOLOR
 0046  8A 6C 02							MOV					CH, (WINSCR PTR[SI]).UPPERROW
 0049  8A 4C 03							MOV					CL, (WINSCR PTR[SI]).LEFTCOL
 004C  8A 74 04							MOV					DH, (WINSCR PTR[SI]).LOWERROW
 004F  8A 54 05							MOV					DL, (WINSCR PTR[SI]).RIGHTCOL
 0052  CD 10							INT					10h
 0054  51							PUSH				CX
 0055  E8 0055							CALL				CURPOS
								DRAWLINEHORM		02h, 02h, 47h				
 0058  B2 02		     1					MOV					DL, 02h
 005A  B6 02		     1					MOV					DH, 02h
 005C  B4 02		     1					MOV					AH, 2
 005E  CD 10		     1					INT					10h
 0060  B9 0047		     1					MOV					CX, 47h
 0063  E8 007F		     1					CALL				DRAWLINEHOR
								DRAWLINEHORM		02h, 17h, 47h
 0066  B2 02		     1					MOV					DL, 02h
 0068  B6 17		     1					MOV					DH, 17h
 006A  B4 02		     1					MOV					AH, 2
 006C  CD 10		     1					INT					10h
 006E  B9 0047		     1					MOV					CX, 47h
 0071  E8 0071		     1					CALL				DRAWLINEHOR
								DRAWLINEVERM		02h, 02h, 15h
 0074  B2 02		     1					MOV					DL, 02h
 0076  B6 02		     1					MOV					DH, 02h
 0078  B4 02		     1					MOV					AH, 2
 007A  CD 10		     1					INT					10h
 007C  B9 0015		     1					MOV					CX, 15h
 007F  E8 0043		     1					CALL				DRAWLINEVER
								DRAWLINEVERM		48h, 02h, 15h
 0082  B2 48		     1					MOV					DL, 48h
 0084  B6 02		     1					MOV					DH, 02h
 0086  B4 02		     1					MOV					AH, 2
 0088  CD 10		     1					INT					10h
 008A  B9 0015		     1					MOV					CX, 15h
 008D  E8 0035		     1					CALL				DRAWLINEVER
 0090  E8 0065							CALL				BORDER
								
 0093  83 C6 06							ADD                 SI,6
 0096  56							push				SI
 0097  E8 013A							call printbanner
								
								SETCURPOS			03h, 03h
 009A  B4 02		     1					MOV					AH, 2
 009C  B2 03		     1					MOV					DL, 03h
 009E  B6 03		     1					MOV					DH, 03h
 00A0  B7 00		     1					MOV					BH, 0
 00A2  CD 10		     1					INT					10h
 00A4  5E							POP					SI
 00A5  5A							POP					DX
 00A6  59							POP					CX
 00A7  5B							POP					BX
 00A8  58							POP					AX
 00A9  5D							POP					BP
 00AA  C2 0002							RET					2
 00AD				MAKEWIN			ENDP
 00AD				CURPOS			PROC
 00AD  55							PUSH				BP
 00AE  8B EC							MOV					BP, SP
 00B0  50							PUSH				AX
 00B1  53							PUSH				BX
 00B2  51							PUSH				CX
 00B3  52							PUSH				DX
								
 00B4  B4 02							MOV					AH, 02h
 00B6  B7 00							MOV					BH, 0
 00B8  8B 56 04							MOV					DX, [BP+4]
 00BB  CD 10							INT					10h
								
 00BD  5A							POP					DX
 00BE  59							POP					CX
 00BF  5B							POP					BX
 00C0  58							POP					AX
 00C1  5D							POP					BP
 00C2  C2 0002							RET					2
 00C5				CURPOS			ENDP
 00C5				DRAWLINEVER		PROC
 00C5  55							PUSH				BP
 00C6  8B EC							MOV					BP, SP
 00C8  50							PUSH				AX
 00C9  52							PUSH				DX
								
 00CA								VER:
 00CA  51							PUSH				CX
 00CB  B4 09							MOV					AH, 9
 00CD  B0 B3							MOV					AL, 0B3h
 00CF  B7 00							MOV					BH, 0
 00D1  B3 17							MOV					BL, 017h
 00D3  B9 0001							MOV					CX, 1
 00D6  CD 10							INT					10h
								
 00D8  FE C6							INC					DH
 00DA  B4 02							MOV					AH, 2
 00DC  CD 10							INT					10h
 00DE  59							POP					CX
 00DF  E2 E9							LOOP 				VER
								
 00E1  5A							POP					DX
 00E2  58							POP					AX
 00E3  5D							POP					BP
 00E4  C3							RET
 00E5				DRAWLINEVER		ENDP
 00E5				DRAWLINEHOR		PROC
 00E5  55							PUSH				BP
 00E6  8B EC							MOV					BP, SP
 00E8  50							PUSH				AX
 00E9  52							PUSH				DX
								
 00EA  B4 09							MOV					AH, 9
 00EC  B0 C4							MOV					AL, 0C4h
 00EE  B7 00							MOV					BH, 0
 00F0  B3 17							MOV					BL, 017h
 00F2  CD 10							INT					10h
								
 00F4  5A							POP					DX
 00F5  58							POP					AX
 00F6  5D							POP					BP
 00F7  C3							RET
 00F8				DRAWLINEHOR		ENDP
 00F8				BORDER			PROC
 00F8  55							PUSH				BP
 00F9  8B EC							MOV					BP, SP
 00FB  50							PUSH				AX
 00FC  53							PUSH				BX
 00FD  51							PUSH				CX
 00FE  52							PUSH				DX
								
								
								SETCURPOS			02h, 02h
 00FF  B4 02		     1					MOV					AH, 2
 0101  B2 02		     1					MOV					DL, 02h
 0103  B6 02		     1					MOV					DH, 02h
 0105  B7 00		     1					MOV					BH, 0
 0107  CD 10		     1					INT					10h
 0109  B4 09							MOV					AH, 09h
 010B  B0 DA							MOV					AL, 0DAh
 010D  B7 00							MOV					BH, 0
 010F  B3 17							MOV					BL, 017H
 0111  B9 0001							MOV					CX, 1
 0114  CD 10							INT					10h
								
								SETCURPOS			02h,17h
 0116  B4 02		     1					MOV					AH, 2
 0118  B2 02		     1					MOV					DL, 02h
 011A  B6 17		     1					MOV					DH, 17h
 011C  B7 00		     1					MOV					BH, 0
 011E  CD 10		     1					INT					10h
 0120  B4 09							MOV					AH, 09h
 0122  B0 C0							MOV					AL, 0C0h
 0124  B7 00							MOV					BH, 0
 0126  B3 17							MOV					BL, 017H
 0128  B9 0001							MOV					CX, 1
 012B  CD 10							INT					10h
								
								SETCURPOS			48h,17h
 012D  B4 02		     1					MOV					AH, 2
 012F  B2 48		     1					MOV					DL, 48h
 0131  B6 17		     1					MOV					DH, 17h
 0133  B7 00		     1					MOV					BH, 0
 0135  CD 10		     1					INT					10h
 0137  B4 09							MOV					AH, 09h
 0139  B0 D9							MOV					AL, 0D9h
 013B  B7 00							MOV					BH, 0
 013D  B3 17							MOV					BL, 017H
 013F  B9 0001							MOV					CX, 1
 0142  CD 10							INT					10h
								
								SETCURPOS			48h,02h
 0144  B4 02		     1					MOV					AH, 2
 0146  B2 48		     1					MOV					DL, 48h
 0148  B6 02		     1					MOV					DH, 02h
 014A  B7 00		     1					MOV					BH, 0
 014C  CD 10		     1					INT					10h
 014E  B4 09							MOV					AH, 09h
 0150  B0 BF							MOV					AL, 0BFh
 0152  B7 00							MOV					BH, 0
 0154  B3 17							MOV					BL, 017H
 0156  B9 0001							MOV					CX, 1
 0159  CD 10							INT					10h
								
								SETCURPOS			47h,02h
 015B  B4 02		     1					MOV					AH, 2
 015D  B2 47		     1					MOV					DL, 47h
 015F  B6 02		     1					MOV					DH, 02h
 0161  B7 00		     1					MOV					BH, 0
 0163  CD 10		     1					INT					10h
 0165  B4 09							MOV					AH, 09h
 0167  B0 C3							MOV					AL, 0C3h
 0169  B7 00							MOV					BH, 0
 016B  B3 17							MOV					BL, 017H
 016D  B9 0001							MOV					CX, 1
 0170  CD 10							INT					10h
								
								SETCURPOS			46h,02h
 0172  B4 02		     1					MOV					AH, 2
 0174  B2 46		     1					MOV					DL, 46h
 0176  B6 02		     1					MOV					DH, 02h
 0178  B7 00		     1					MOV					BH, 0
 017A  CD 10		     1					INT					10h
 017C  B4 09							MOV					AH, 09h
 017E  B0 58							MOV					AL, 'X'
 0180  B7 00							MOV					BH, 0
 0182  B3 17							MOV					BL, 017H
 0184  B9 0001							MOV					CX, 1
 0187  CD 10							INT					10h
								
								SETCURPOS			45h,02h
 0189  B4 02		     1					MOV					AH, 2
 018B  B2 45		     1					MOV					DL, 45h
 018D  B6 02		     1					MOV					DH, 02h
 018F  B7 00		     1					MOV					BH, 0
 0191  CD 10		     1					INT					10h
 0193  B4 09							MOV					AH, 09h
 0195  B0 B4							MOV					AL, 0B4h
 0197  B7 00							MOV					BH, 0
 0199  B3 17							MOV					BL, 017H
 019B  B9 0001							MOV					CX, 1
 019E  CD 10							INT					10h
								
								SETCURPOS			03h,02h
 01A0  B4 02		     1					MOV					AH, 2
 01A2  B2 03		     1					MOV					DL, 03h
 01A4  B6 02		     1					MOV					DH, 02h
 01A6  B7 00		     1					MOV					BH, 0
 01A8  CD 10		     1					INT					10h
 01AA  B4 09							MOV					AH, 09h
 01AC  B0 B4							MOV					AL, 0B4h
 01AE  B7 00							MOV					BH, 0
 01B0  B3 17							MOV					BL, 017H
 01B2  B9 0001							MOV					CX, 1
 01B5  CD 10							INT					10h
								
								SETCURPOS			13h,02h
 01B7  B4 02		     1					MOV					AH, 2
 01B9  B2 13		     1					MOV					DL, 13h
 01BB  B6 02		     1					MOV					DH, 02h
 01BD  B7 00		     1					MOV					BH, 0
 01BF  CD 10		     1					INT					10h
 01C1  B4 09							MOV					AH, 09h
 01C3  B0 C3							MOV					AL, 0C3h
 01C5  B7 00							MOV					BH, 0
 01C7  B3 17							MOV					BL, 017H
 01C9  B9 0001							MOV					CX, 1
 01CC  CD 10							INT					10h
								
 01CE  5A							POP					DX
 01CF  59							POP					CX
 01D0  5B							POP					BX
 01D1  58							POP					AX
 01D2  5D							POP					BP
 01D3  C3							RET					
 01D4				BORDER			ENDP
 01D4				PRINTBANNER		PROC
 01D4  55							PUSH				BP
 01D5  8B EC							MOV					BP, SP
 01D7  50							PUSH				AX
 01D8  53							PUSH				BX
 01D9  51							PUSH				CX
 01DA  52							PUSH				DX
 01DB  56							PUSH				SI
								
								SETCURPOS			04h,02h
 01DC  B4 02		     1					MOV					AH, 2
 01DE  B2 04		     1					MOV					DL, 04h
 01E0  B6 02		     1					MOV					DH, 02h
 01E2  B7 00		     1					MOV					BH, 0
 01E4  CD 10		     1					INT					10h
								
 01E6  BE 0000							mov					si, 0
 01E9  8B 76 04							mov					si, [bp+4]
 01EC								TRYAGAIN:
 01EC  8A 04							mov					al, [si]
 01EE  3C 00							cmp					al, 0
 01F0  74 23							je					ALLWELL
								PUTCHARM			AX
 01F2  8B C0		     1					MOV					AX, AX
 01F4  50		     1					PUSH				AX
 01F5  E8 0026		     1					CALL				PUTCHAR
 01F8  B4 03		     2					MOV					AH, 3
 01FA  B7 00		     2					MOV					BH, 0
 01FC  CD 10		     2					INT					10h
 01FE  80 FA 47		     2					CMP					DL, 47h
 0201  74 02		     2					JE					NEXTLINE
 0203  75 04		     2					JNE					ALLDONE
 0205			     2					NEXTLINE:
 0205  FE C6		     2					INC					DH
 0207  B2 02		     2					MOV					DL, 02h
 0209			     2					ALLDONE:
 0209  FE C2		     2					INC					DL
 020B  B4 02		     2					MOV					AH, 2
 020D  CD 10		     2					INT					10H
 020F  46							inc 				si
 0210  B8 0000							mov 				ax, 0
 0213  EB D7							jmp 				TRYAGAIN
 0215								ALLWELL:
								
 0215  5E							POP					SI
 0216  5A							POP					DX
 0217  59							POP					CX
 0218  5B							POP					BX
 0219  58							POP					AX
 021A  5D							POP					BP
 021B  C2 0002							RET					2
 021E				PRINTBANNER		ENDP
 021E				PUTCHAR			PROC
 021E  55							PUSH				BP
 021F  8B EC							MOV					BP, SP
 0221  50							PUSH				AX
 0222  53							PUSH				BX
 0223  51							PUSH				CX
 0224  52							PUSH				DX

 0225  B4 09							MOV					AH, 09h
 0227  8A 46 04							MOV					AL, [BP+4]
 022A  B7 00							MOV					BH, 0
 022C  B3 17							MOV					BL, 017h
 022E  B9 0001							MOV					CX, 1
 0231  CD 10							INT					10h
								
 0233  5A							POP					DX
 0234  59							POP					CX
 0235  5B							POP					BX
 0236  58							POP					AX
 0237  5D							POP					BP
 0238  C2 0002							RET					2
 023B				PUTCHAR			ENDP

				; EXCEPTIONKEY	PROC
								; PUSH				BP
								; MOV					BP, SP
								; PUSH				AX
								; PUSH				BX
								; PUSH				CX
								; PUSH				DX
								
								; LEFT ARROW 4B
								; RIGHT ARROW 4D
								; UPARROW 48
								; DOWNARROW 50

								; POP					DX
								; POP					CX
								; POP					BX
								; POP					AX
								; POP					BP
								; RET
				; EXCEPTIONKEY	ENDP
 023B				LEFTBUTTONCLICK	PROC
 023B  55							PUSH				BP
 023C  8B EC							MOV					BP, SP
								
								; MOV					SI, [BP+4]
 023E  B4 00							MOV					AH, 0		;GET MOUSE STATUS
 0240  B0 05							MOV					AL, 5		;BUTTON PRESS INFORMATION
 0242  BB 0000							MOV					BX, 0		;SPECIFY THE LEFT BUTTON
 0245  CD 33							INT					33H
 0247  89 0E 0034 R						MOV					XCLICK, CX
 024B  89 16 0036 R						MOV					YCLICK, DX
								;EXIT PROC IF THE COORDINATE HAVE NOT CHANGED.
 024F  3B 0E 0034 R						CMP					CX,	XCLICK
 0253  75 06							JNE					MOVE
 0255  3B 16 0036 R						CMP					DX, YCLICK
 0259  74 08							JE					FINISHMOUSE
								
 025B								MOVE:
 025B  89 0E 0034 R						MOV					XCLICK, CX
 025F  89 16 0036 R						MOV					YCLICK, DX
					
 0263								FINISHMOUSE:
								
								; CMP					CX, 4602H
								; JE					MOUSELINE
								; JNE					DONTGO
								; MOUSELINE:
								; MOV					AX, 3
								; INT					33H
								; TEST				BX, 1
								; JNE					SKIP
								; JZ					KEEPMOVING
								; SKIP:
								; EXIT
							
 0263  A1 0030 R					MOV				AX, XCOORDINATE
 0266  E8 0000 E					CALL			WRITEDEC
 0269  B2 14						MOV				DL, 20
 026B  E8 0000 E					CALL			GOTOXY
 026E  A1 0032 R					MOV				AX, YCOORDINATE
 0271  E8 0000 E					CALL			WRITEDEC
							
								
								
 0274								KEEPMOVING:
								; DONTGO:
								
								
							
 0274  5D							POP					BP
 0275  C3							RET					
 0276				LEFTBUTTONCLICK	ENDP
 0276				MOUSEBOUNDRY	PROC
								
 0276  B8 0008							MOV					AX, 8
 0279  CD 33							INT					33H
 027B  B9 0002							MOV					CX, 02h	;Y-RANGE (100 TO 200)
 027E  BA 0016							MOV					DX, 16h
 0281  CD 33							INT					33H
								
 0283  B8 0007							MOV					AX, 7
 0286  B9 0002							MOV					CX, 02h ;X-RANGE(100 TO 200)
 0289  BA 0046							MOV					DX, 46h
 028C  CD 33							INT					33H
 028E  C3							RET
 028F				MOUSEBOUNDRY	ENDP
 028F				MAIN			PROC
 028F  E8 FD7E							CALL				CLRSCR
 0292  B8 ---- R						MOV					AX, @DATA
 0295  8E D8							MOV					DS, AX
								
 0297  B8 0000 R						MOV					AX, OFFSET APPLICATION
 029A  50							PUSH				AX
 029B  E8 FD97							CALL				MAKEWIN
 029E  E8 FD67							CALL				SHOWMOUSEPOINTER
								; MOV				SI, OFFSET MOUSEAPP
								; PUSH				SI
 02A1								L1:
							
 02A1  E8 FF97							CALL				LEFTBUTTONCLICK		;CHECK FOR BUTTON CLICK
 02A4  B4 11							MOV					AH, 11H				; KEY PRESSED ALREDY
 02A6  CD 16							INT					16H
								
 02A8  74 30							JZ 					L2					; NO CONTINUE THE LOOP
 02AA  B4 10							MOV					AH, 10H				; REMOVE KEY FROM BUFFER
 02AC  CD 16							INT					16H
								PUTCHARM			AX
 02AE  8B C0		     1					MOV					AX, AX
 02B0  50		     1					PUSH				AX
 02B1  E8 FF6A		     1					CALL				PUTCHAR
 02B4  B4 03		     2					MOV					AH, 3
 02B6  B7 00		     2					MOV					BH, 0
 02B8  CD 10		     2					INT					10h
 02BA  80 FA 47		     2					CMP					DL, 47h
 02BD  74 02		     2					JE					NEXTLINE
 02BF  75 04		     2					JNE					ALLDONE
 02C1			     2					NEXTLINE:
 02C1  FE C6		     2					INC					DH
 02C3  B2 02		     2					MOV					DL, 02h
 02C5			     2					ALLDONE:
 02C5  FE C2		     2					INC					DL
 02C7  B4 02		     2					MOV					AH, 2
 02C9  CD 10		     2					INT					10H
 02CB  3C 18							CMP					AL, 18h			;YES. IS IT THE ESC KEY PRESSED?
 02CD  74 0D							JE					QUIT
								GETMOUSEPOS
 02CF  B8 0003		     1					MOV					AX, 3
 02D2  CD 33		     1					INT					33H
 02D4  81 FA 4602						CMP					DX, 4602H
 02D8  74 02							JE					QUIT
 02DA								L2:
 02DA  EB C5							JMP					L1
 02DC								QUIT:
							
								; CALL				CLRSCR
 02DC								FINISH:
								EXIT
 02E0				MAIN			ENDP
								END					MAIN
Microsoft (R) Macro Assembler Version 6.15.8803		    05/10/12 20:58:11
window			(window.asm)			     Symbols 2 - 1




Macros:

                N a m e                 Type

ADVENCECUR . . . . . . . . . . .	Proc
CURBOUNDRY . . . . . . . . . . .	Proc
DOWNARROW  . . . . . . . . . . .	Proc
DRAWLINEHORM . . . . . . . . . .	Proc
DRAWLINEVERM . . . . . . . . . .	Proc
GETCURPOS  . . . . . . . . . . .	Proc
GETMOUSEPOS  . . . . . . . . . .	Proc
LEFTARROW  . . . . . . . . . . .	Proc
PUTCHARM . . . . . . . . . . . .	Proc
SETCURPOS  . . . . . . . . . . .	Proc
UPARROW  . . . . . . . . . . . .	Proc
startup  . . . . . . . . . . . .	Proc


Structures and Unions:

                N a m e                  Size
                                         Offset      Type

ExtGetDskFreSpcStruc . . . . . .	 002C
  StructSize . . . . . . . . . .	 0000	     Word
  Level  . . . . . . . . . . . .	 0002	     Word
  SectorsPerCluster  . . . . . .	 0004	     DWord
  BytesPerSector . . . . . . . .	 0008	     DWord
  AvailableClusters  . . . . . .	 000C	     DWord
  TotalClusters  . . . . . . . .	 0010	     DWord
  AvailablePhysSectors . . . . .	 0014	     DWord
  TotalPhysSectors . . . . . . .	 0018	     DWord
  AvailableAllocationUnits . . .	 001C	     DWord
  TotalAllocationUnits . . . . .	 0020	     DWord
  Rsvd . . . . . . . . . . . . .	 0024	     DWord
TimeRecord . . . . . . . . . . .	 0004
  hours  . . . . . . . . . . . .	 0000	     Byte
  minutes  . . . . . . . . . . .	 0001	     Byte
  seconds  . . . . . . . . . . .	 0002	     Byte
  hhss . . . . . . . . . . . . .	 0003	     Byte
WINSCR . . . . . . . . . . . . .	 0030
  FOREGROUNDCOLOR  . . . . . . .	 0000	     Byte
  BACKGROUNDCOLOR  . . . . . . .	 0001	     Byte
  UPPERROW . . . . . . . . . . .	 0002	     Byte
  LEFTCOL  . . . . . . . . . . .	 0003	     Byte
  LOWERROW . . . . . . . . . . .	 0004	     Byte
  RIGHTCOL . . . . . . . . . . .	 0005	     Byte
  BANNER . . . . . . . . . . . .	 0006	     Byte
  ADDRESS1 . . . . . . . . . . .	 002E	     Byte
  ADDRESS2 . . . . . . . . . . .	 002F	     Byte


Segments and Groups:

                N a m e                 Size     Length   Align   Combine Class

DGROUP . . . . . . . . . . . . .	GROUP
_DATA  . . . . . . . . . . . . .	16 Bit	 0038	  Word	  Public  'DATA'	
STACK  . . . . . . . . . . . . .	16 Bit	 1000	  Para	  Stack	  'STACK'	 
_TEXT  . . . . . . . . . . . . .	16 Bit	 02E0	  Word	  Public  'CODE'	


Procedures,  parameters and locals:

                N a m e                 Type     Value    Attr

BORDER . . . . . . . . . . . . .	P Near	 00F8	  _TEXT	Length= 00DC Public STDCALL
CURPOS . . . . . . . . . . . . .	P Near	 00AD	  _TEXT	Length= 0018 Public STDCALL
ClrScr . . . . . . . . . . . . .	P Near	 0010	  _TEXT	Length= 0025 Public STDCALL
Crlf . . . . . . . . . . . . . .	P Near	 0000	  Length= 0000 External STDCALL
DRAWLINEHOR  . . . . . . . . . .	P Near	 00E5	  _TEXT	Length= 0013 Public STDCALL
DRAWLINEVER  . . . . . . . . . .	P Near	 00C5	  _TEXT	Length= 0020 Public STDCALL
  VER  . . . . . . . . . . . . .	L Near	 00CA	  _TEXT	
Delay  . . . . . . . . . . . . .	P Near	 0000	  Length= 0000 External STDCALL
DumpMem  . . . . . . . . . . . .	P Near	 0000	  Length= 0000 External STDCALL
DumpRegs . . . . . . . . . . . .	P Near	 0000	  Length= 0000 External STDCALL
Get_Commandtail  . . . . . . . .	P Near	 0000	  Length= 0000 External STDCALL
Get_Time . . . . . . . . . . . .	P Near	 0000	  Length= 0000 External STDCALL
Gotoxy . . . . . . . . . . . . .	P Near	 0000	  Length= 0000 External STDCALL
HIDEMOUSEPOINTER . . . . . . . .	P Near	 0000	  _TEXT	Length= 0008 Public STDCALL
IsDigit  . . . . . . . . . . . .	P Near	 0000	  Length= 0000 External STDCALL
LEFTBUTTONCLICK  . . . . . . . .	P Near	 023B	  _TEXT	Length= 003B Public STDCALL
  MOVE . . . . . . . . . . . . .	L Near	 025B	  _TEXT	
  FINISHMOUSE  . . . . . . . . .	L Near	 0263	  _TEXT	
  KEEPMOVING . . . . . . . . . .	L Near	 0274	  _TEXT	
MAIN . . . . . . . . . . . . . .	P Near	 028F	  _TEXT	Length= 0051 Public STDCALL
  L1 . . . . . . . . . . . . . .	L Near	 02A1	  _TEXT	
  NEXTLINE . . . . . . . . . . .	L Near	 02C1	  _TEXT	
  ALLDONE  . . . . . . . . . . .	L Near	 02C5	  _TEXT	
  L2 . . . . . . . . . . . . . .	L Near	 02DA	  _TEXT	
  QUIT . . . . . . . . . . . . .	L Near	 02DC	  _TEXT	
  FINISH . . . . . . . . . . . .	L Near	 02DC	  _TEXT	
MAKEWIN  . . . . . . . . . . . .	P Near	 0035	  _TEXT	Length= 0078 Public STDCALL
MOUSEBOUNDRY . . . . . . . . . .	P Near	 0276	  _TEXT	Length= 0019 Public STDCALL
PRINTBANNER  . . . . . . . . . .	P Near	 01D4	  _TEXT	Length= 004A Public STDCALL
  TRYAGAIN . . . . . . . . . . .	L Near	 01EC	  _TEXT	
  NEXTLINE . . . . . . . . . . .	L Near	 0205	  _TEXT	
  ALLDONE  . . . . . . . . . . .	L Near	 0209	  _TEXT	
  ALLWELL  . . . . . . . . . . .	L Near	 0215	  _TEXT	
PUTCHAR  . . . . . . . . . . . .	P Near	 021E	  _TEXT	Length= 001D Public STDCALL
Random32 . . . . . . . . . . . .	P Near	 0000	  Length= 0000 External STDCALL
RandomRange  . . . . . . . . . .	P Near	 0000	  Length= 0000 External STDCALL
Randomize  . . . . . . . . . . .	P Near	 0000	  Length= 0000 External STDCALL
ReadChar . . . . . . . . . . . .	P Near	 0000	  Length= 0000 External STDCALL
ReadHex  . . . . . . . . . . . .	P Near	 0000	  Length= 0000 External STDCALL
ReadInt  . . . . . . . . . . . .	P Near	 0000	  Length= 0000 External STDCALL
ReadString . . . . . . . . . . .	P Near	 0000	  Length= 0000 External STDCALL
SHOWMOUSEPOINTER . . . . . . . .	P Near	 0008	  _TEXT	Length= 0008 Public STDCALL
Str_compare  . . . . . . . . . .	P Near	 0000	  Length= 0000 External STDCALL
Str_copy . . . . . . . . . . . .	P Near	 0000	  Length= 0000 External STDCALL
Str_length . . . . . . . . . . .	P Near	 0000	  Length= 0000 External STDCALL
Str_trim . . . . . . . . . . . .	P Near	 0000	  Length= 0000 External STDCALL
Str_ucase  . . . . . . . . . . .	P Near	 0000	  Length= 0000 External STDCALL
WaitMsg  . . . . . . . . . . . .	P Near	 0000	  Length= 0000 External STDCALL
WriteBin . . . . . . . . . . . .	P Near	 0000	  Length= 0000 External STDCALL
WriteChar  . . . . . . . . . . .	P Near	 0000	  Length= 0000 External STDCALL
WriteDec . . . . . . . . . . . .	P Near	 0000	  Length= 0000 External STDCALL
WriteHex . . . . . . . . . . . .	P Near	 0000	  Length= 0000 External STDCALL
WriteInt . . . . . . . . . . . .	P Near	 0000	  Length= 0000 External STDCALL
WriteString  . . . . . . . . . .	P Near	 0000	  Length= 0000 External STDCALL


Symbols:

                N a m e                 Type     Value    Attr

@CodeSize  . . . . . . . . . . .	Number	 0000h	 
@DataSize  . . . . . . . . . . .	Number	 0000h	 
@Interface . . . . . . . . . . .	Number	 0003h	 
@Model . . . . . . . . . . . . .	Number	 0002h	 
@cmdline . . . . . . . . . . . .	Text   	 OFFSET __98765765cmdline
@code  . . . . . . . . . . . . .	Text   	 _TEXT
@data  . . . . . . . . . . . . .	Text   	 DGROUP
@fardata?  . . . . . . . . . . .	Text   	 FAR_BSS
@fardata . . . . . . . . . . . .	Text   	 FAR_DATA
@stack . . . . . . . . . . . . .	Text   	 DGROUP
APPLICATION  . . . . . . . . . .	WINSCR	 0000	  _DATA	
XCLICK . . . . . . . . . . . . .	Word	 0034	  _DATA	
XCOORDINATE  . . . . . . . . . .	Word	 0030	  _DATA	
YCLICK . . . . . . . . . . . . .	Word	 0036	  _DATA	
YCOORDINATE  . . . . . . . . . .	Word	 0032	  _DATA	
black  . . . . . . . . . . . . .	Number	 0000h	 
blue . . . . . . . . . . . . . .	Number	 0001h	 
brown  . . . . . . . . . . . . .	Number	 0006h	 
cyan . . . . . . . . . . . . . .	Number	 0003h	 
exit . . . . . . . . . . . . . .	Text   	 .EXIT
gray . . . . . . . . . . . . . .	Number	 0008h	 
green  . . . . . . . . . . . . .	Number	 0002h	 
lightBlue  . . . . . . . . . . .	Number	 0009h	 
lightCyan  . . . . . . . . . . .	Number	 000Bh	 
lightGray  . . . . . . . . . . .	Number	 0007h	 
lightGreen . . . . . . . . . . .	Number	 000Ah	 
lightMagenta . . . . . . . . . .	Number	 000Dh	 
lightRed . . . . . . . . . . . .	Number	 000Ch	 
magenta  . . . . . . . . . . . .	Number	 0005h	 
red  . . . . . . . . . . . . . .	Number	 0004h	 
white  . . . . . . . . . . . . .	Number	 000Fh	 
yellow . . . . . . . . . . . . .	Number	 000Eh	 

	   1 Warnings
	   0 Errors
